  console.log
    [dotenv@17.2.3] injecting env (25) from .env -- tip: ÔÜÖ´©Å  enable debug logging with { debug: true }

      at log (node_modules/dotenv/lib/main.js:142:11)

  console.log
    [dotenv@17.2.3] injecting env (0) from .env -- tip: ­ƒöä add secrets lifecycle management: https://dotenvx.com/ops

      at log (node_modules/dotenv/lib/main.js:142:11)

  console.error
    ­ƒÜ¿ SECURITY: Refresh token reuse detected for user user-123. All sessions revoked.

    [0m [90m 168 |[39m             [90m// Revoke ALL sessions for this user to force re-login.[39m
     [90m 169 |[39m             [36mawait[39m [33mAuthRepository[39m[33m.[39mrevokeAllUserTokens(session[33m.[39muserId)[33m;[39m
    [31m[1m>[22m[39m[90m 170 |[39m             console[33m.[39merror([32m`­ƒÜ¿ SECURITY: Refresh token reuse detected for user ${session.userId}. All sessions revoked.`[39m)[33m;[39m
     [90m     |[39m                     [31m[1m^[22m[39m
     [90m 171 |[39m             [36mthrow[39m [36mnew[39m [33mAppError[39m([32m"Security alert: Suspicious activity detected. Please log in again."[39m[33m,[39m [35m403[39m)[33m;[39m
     [90m 172 |[39m         }
     [90m 173 |[39m[0m

      at Function.error [as refreshToken] (src/Services/AuthService.js:170:21)
      at refreshToken (src/Controllers/AuthController.js:32:24)
      at src/Utils/try-catch.js:11:9

node.exe : FAIL src/__tests__/refresh_flow_test.js (39.761 s)
At line:1 char:1
+ & "C:\Program Files\nodejs/node.exe" "C:\Program Files\nodejs/node_mo ...
+ ~~~~~~~~~~~~~~~~~~~~~~~~~~~~~~~~~~~~~~~~~~~~~~~~~~~~~~~~~~~~~~~~~~~~~
    + CategoryInfo          : NotSpecified: (FAIL src/__test...t.js (39.761 s):String) [], RemoteException
    + FullyQualifiedErrorId : NativeCommandError
 
  Refresh Token Rotation & Reuse Detection
    ÔêÜ SCENARIO 1: Normal Refresh Flow (Rotation) (406 ms)
    ├ù SCENARIO 2: Token Reuse Attack Detection (78 ms)

  ÔùÅ Refresh Token Rotation & Reuse Detection ÔÇ║ SCENARIO 2: Token Reuse Attack Detection

    TypeError: expect(received).toMatch(expected)

    Matcher error: received value must be a string

    Received has value: undefined

    [0m [90m 137 |[39m         [90m// 3. Verify Security Response[39m
     [90m 138 |[39m         expect(response[33m.[39mstatus)[33m.[39mtoBe([35m403[39m)[33m;[39m [90m// 
Forbidden[39m
    [31m[1m>[22m[39m[90m 139 |[39m         
expect(response[33m.[39mbody[33m.[39mmessage)[33m.[39mtoMatch([35m/Suspicious activity detected/[39m)[33m;[39m 
[90m// User warning[39m
     [90m     |[39m                                       [31m[1m^[22m[39m
     [90m 140 |[39m
     [90m 141 |[39m         [90m// 4. Verify Defensive Action (Revoke All)[39m
     [90m 142 |[39m         expect([33mAuthRepository[39m[33m.[39mrevokeAllUserTokens)[33m.[39mtoHaveBeenCalledWit
h(mockUser[33m.[39mid)[33m;[39m[0m

      at Object.toMatch (src/__tests__/refresh_flow_test.js:139:39)

Test Suites: 1 failed, 1 total
Tests:       1 failed, 1 passed, 2 total
Snapshots:   0 total
Time:        40.902 s
Ran all test suites matching src/__tests__/refresh_flow_test.js.
